// Jest Snapshot v1, https://goo.gl/fbAQLP

exports[`Renders Button component and match to previous snapshot 1`] = `<styled.button />`;
