// Jest Snapshot v1, https://goo.gl/fbAQLP

exports[`Renders Home page and match to previous snapshot 1`] = `
<ContextProvider
  value={false}
>
  <ContextProvider
    value={
      QueryClient {
        "defaultOptions": Object {},
        "mutationCache": MutationCache {
          "config": Object {},
          "listeners": Array [],
          "mutationId": 0,
          "mutations": Array [],
        },
        "mutationDefaults": Array [],
        "queryCache": QueryCache {
          "config": Object {},
          "listeners": Array [],
          "queries": Array [],
          "queriesMap": Object {},
        },
        "queryDefaults": Array [],
      }
    }
  >
    <Provider
      store={
        Object {
          "dispatch": [Function],
          "getState": [Function],
          "persistor": Object {
            "persist": [Function],
          },
          "replaceReducer": [Function],
          "subscribe": [Function],
          Symbol(observable): [Function],
        }
      }
    >
      <ThemeProvider>
        <Home />
      </ThemeProvider>
    </Provider>
  </ContextProvider>
</ContextProvider>
`;
